FAIL	github.com/complyark/datalens/internal/service [build failed]
go : # github.com/complyark/datalens/internal/service 
[github.com/complyark/datalens/internal/service.test]
At line:1 char:1
+ go test -v github.com/complyark/datalens/internal/service -run TestBa ...
+ ~~~~~~~~~~~~~~~~~~~~~~~~~~~~~~~~~~~~~~~~~~~~~~~~~~~~~~~~~~~~~~~~~~~~~
    + CategoryInfo          : NotSpecified: (# github.com/co...l/service.test]:String) [],  
   RemoteException
    + FullyQualifiedErrorId : NativeCommandError
 
internal\service\breach_service.go:339:14: result.HasNextPage undefined (type 
*"github.com/complyark/datalens/pkg/types".PaginatedResult[consent.DataPrincipalProfile] 
has no field or method HasNextPage)
internal\service\batch16_integration_test.go:85:69: not enough arguments in call to 
NewNotificationSubscriber
	have (*NotificationService, *mockEventBus, *slog.Logger)
	want (*NotificationService, *BreachService, eventbus.EventBus, *slog.Logger)
internal\service\batch19_service_test.go:105:74: too many arguments in call to 
NewTenantService
	have (*mockTenantRepo, *mockUserRepo, *mockRoleRepo, nil, nil, *slog.Logger)
	want (identity.TenantRepository, identity.UserRepository, identity.RoleRepository, 
*AuthService, *slog.Logger)
internal\service\batch19_service_test.go:119:77: unknown field Limit in struct literal of 
type "github.com/complyark/datalens/pkg/types".Pagination
internal\service\batch19_service_test.go:135:58: not enough arguments in call to 
NewBreachService
	have (*mockBreachRepo, *AuditService, *mockEventBus, *slog.Logger)
	want (breach.Repository, consent.DataPrincipalProfileRepository, *NotificationService, 
*AuditService, eventbus.EventBus, *slog.Logger)
internal\service\batch19_service_test.go:162:36: evt.Payload undefined (type eventbus.Event 
has no field or method Payload)
internal\service\breach_service_test.go:91:68: not enough arguments in call to 
NewBreachService
	have (*MockBreachRepository, *AuditService, *MockBreachEventBus, *slog.Logger)
	want (breach.Repository, consent.DataPrincipalProfileRepository, *NotificationService, 
*AuditService, eventbus.EventBus, *slog.Logger)
FAIL
